20:44:59 **** Incremental Build of configuration Debug for project BMS_teste ****
make all 
Building file: ../Src/main.c
Invoking: MCU GCC Compiler
C:\Users\Rodolfo Lessa\Desktop\BMS_rep_of\BMS_teste\Debug
arm-none-eabi-gcc -mcpu=cortex-m3 -mthumb -mfloat-abi=soft '-D__weak=__attribute__((weak))' '-D__packed=__attribute__((__packed__))' -DUSE_HAL_DRIVER -DSTM32F103xB -I"C:/Users/Rodolfo Lessa/Desktop/BMS_rep_of/BMS_teste/Inc" -I"C:/Users/Rodolfo Lessa/Desktop/BMS_rep_of/BMS_teste/Drivers/STM32F1xx_HAL_Driver/Inc" -I"C:/Users/Rodolfo Lessa/Desktop/BMS_rep_of/BMS_teste/Drivers/STM32F1xx_HAL_Driver/Inc/Legacy" -I"C:/Users/Rodolfo Lessa/Desktop/BMS_rep_of/BMS_teste/Drivers/CMSIS/Device/ST/STM32F1xx/Include" -I"C:/Users/Rodolfo Lessa/Desktop/BMS_rep_of/BMS_teste/Drivers/CMSIS/Include"  -Og -g3 -Wall -fmessage-length=0 -ffunction-sections -c -fmessage-length=0 -MMD -MP -MF"Src/main.d" -MT"Src/main.o" -o "Src/main.o" "../Src/main.c"
../Src/main.c: In function 'main':
../Src/main.c:208:17: warning: unused variable 'comm_flag' [-Wunused-variable]
  extern uint8_t comm_flag;
                 ^~~~~~~~~
Finished building: ../Src/main.c
 
Building target: BMS_teste.elf
Invoking: MCU GCC Linker
arm-none-eabi-gcc -mcpu=cortex-m3 -mthumb -mfloat-abi=soft -specs=nosys.specs -specs=nano.specs -T"../STM32F103C8Tx_FLASH.ld" -Wl,-Map=output.map -Wl,--gc-sections -o "BMS_teste.elf" @"objects.list"   -lm
Finished building target: BMS_teste.elf
 
make --no-print-directory post-build
Generating hex and Printing size information:
arm-none-eabi-objcopy -O ihex "BMS_teste.elf" "BMS_teste.hex"
arm-none-eabi-size "BMS_teste.elf"
   text	   data	    bss	    dec	    hex	filename
  27388	    148	   3176	  30712	   77f8	BMS_teste.elf
 

20:45:01 Build Finished (took 2s.842ms)

